Total memory: 0x3E8 bytes
Free memory: 0x2E4 bytes
Number of allocated blocks: 6
Number of allocated miniblocks: 6

Block 1 begin
Zone: 0x64 - 0x6E
Miniblock 1:		0x64		-		0x6E		| RW-
Block 1 end

Block 2 begin
Zone: 0xC8 - 0xDC
Miniblock 1:		0xC8		-		0xDC		| RW-
Block 2 end

Block 3 begin
Zone: 0x12C - 0x136
Miniblock 1:		0x12C		-		0x136		| RW-
Block 3 end

Block 4 begin
Zone: 0x190 - 0x19A
Miniblock 1:		0x190		-		0x19A		| RW-
Block 4 end

Block 5 begin
Zone: 0x1F4 - 0x1FE
Miniblock 1:		0x1F4		-		0x1FE		| RW-
Block 5 end

Block 6 begin
Zone: 0x2BC - 0x384
Miniblock 1:		0x2BC		-		0x384		| RW-
Block 6 end
